BL51 BANKED LINKER/LOCATER V6.22.2.0                                                    10/08/2022  21:04:44  PAGE 1


BL51 BANKED LINKER/LOCATER V6.22.2.0, INVOKED BY:
D:\KEIL_V5\C51\BIN\BL51.EXE .\Objects\STARTUP.obj, .\Objects\main.obj TO .\Objects\AT89C51_test PRINT (.\Listings\AT89C5
>> 1_test.m51) RAMSIZE (256)


INPUT MODULES INCLUDED:
  .\Objects\STARTUP.obj (?C_STARTUP)
  .\Objects\main.obj (MAIN)


LINK MAP OF MODULE:  .\Objects\AT89C51_test (?C_STARTUP)


            TYPE    BASE      LENGTH    RELOCATION   SEGMENT NAME
            -----------------------------------------------------

            * * * * * * *   D A T A   M E M O R Y   * * * * * * *
            REG     0000H     0008H     ABSOLUTE     "REG BANK 0"
            IDATA   0008H     0001H     UNIT         ?STACK

            * * * * * * *   C O D E   M E M O R Y   * * * * * * *
            CODE    0000H     0003H     ABSOLUTE     
* OVERLAP * CODE    0000H     0305H     ABSOLUTE     
            CODE    0305H     000CH     UNIT         ?C_C51STARTUP



UNRESOLVED EXTERNAL SYMBOLS:
   ?C_START



SYMBOL TABLE OF MODULE:  .\Objects\AT89C51_test (?C_STARTUP)

  VALUE           TYPE          NAME
  ----------------------------------

  -------         MODULE        ?C_STARTUP
  C:0305H         SEGMENT       ?C_C51STARTUP
  I:0008H         SEGMENT       ?STACK
  C:0000H         PUBLIC        ?C_STARTUP
  D:00E0H         SYMBOL        ACC
  D:00F0H         SYMBOL        B
  D:0083H         SYMBOL        DPH
  D:0082H         SYMBOL        DPL
  N:0000H         SYMBOL        IBPSTACK
  N:0100H         SYMBOL        IBPSTACKTOP
  N:0080H         SYMBOL        IDATALEN
  C:0308H         SYMBOL        IDATALOOP
  N:0000H         SYMBOL        PBPSTACK
  N:0100H         SYMBOL        PBPSTACKTOP
  N:0000H         SYMBOL        PDATALEN
  N:0000H         SYMBOL        PDATASTART
  N:0000H         SYMBOL        PPAGE
  N:0000H         SYMBOL        PPAGEENABLE
  D:00A0H         SYMBOL        PPAGE_SFR
  D:0081H         SYMBOL        SP
  C:0305H         SYMBOL        STARTUP1
BL51 BANKED LINKER/LOCATER V6.22.2.0                                                  10/08/2022  21:04:44  PAGE 2


  N:0000H         SYMBOL        XBPSTACK
  N:0000H         SYMBOL        XBPSTACKTOP
  N:0000H         SYMBOL        XDATALEN
  N:0000H         SYMBOL        XDATASTART
  C:0000H         LINE#         126
  C:0305H         LINE#         133
  C:0307H         LINE#         134
  C:0308H         LINE#         135
  C:0309H         LINE#         136
  C:030BH         LINE#         185
  C:030EH         LINE#         196
  -------         ENDMOD        ?C_STARTUP

  -------         MODULE        MAIN
  C:0166H         SYMBOL        DAT
  C:015BH         SYMBOL        DEL
  C:015CH         SYMBOL        DEL3
  C:015EH         SYMBOL        DEL4
  C:014EH         SYMBOL        END0
  D:00A8H         SYMBOL        IE
  C:010FH         SYMBOL        MUSIC0
  C:0116H         SYMBOL        MUSIC1
  C:012AH         SYMBOL        MUSIC2
  C:013DH         SYMBOL        MUSIC3
  C:0142H         SYMBOL        MUSIC4
  C:0121H         SYMBOL        MUSIC5
  C:0151H         SYMBOL        MUSIC6
  D:0080H         SYMBOL        P0
  B:0080H.0       SYMBOL        PP
  D:0081H         SYMBOL        SP
  C:0100H         SYMBOL        START
  D:008CH         SYMBOL        TH0
  D:008AH         SYMBOL        TL0
  D:0089H         SYMBOL        TMOD
  B:0088H.4       SYMBOL        TR0
  C:0000H         LINE#         3
  C:000BH         LINE#         5
  C:000DH         LINE#         6
  C:0010H         LINE#         7
  C:0013H         LINE#         8
  C:0100H         LINE#         11
  C:0103H         LINE#         12
  C:0106H         LINE#         13
  C:0109H         LINE#         14
  C:010CH         LINE#         15
  C:010FH         LINE#         17
  C:0110H         LINE#         18
  C:0113H         LINE#         19
  C:0116H         LINE#         21
  C:0117H         LINE#         22
  C:0118H         LINE#         23
  C:0119H         LINE#         24
  C:011BH         LINE#         25
  C:011EH         LINE#         26
  C:0121H         LINE#         28
  C:0122H         LINE#         29
  C:0123H         LINE#         30
BL51 BANKED LINKER/LOCATER V6.22.2.0                                                  10/08/2022  21:04:44  PAGE 3


  C:0124H         LINE#         31
  C:0126H         LINE#         32
  C:0127H         LINE#         33
  C:0128H         LINE#         34
  C:012AH         LINE#         36
  C:012BH         LINE#         37
  C:012DH         LINE#         38
  C:012EH         LINE#         39
  C:012FH         LINE#         40
  C:0132H         LINE#         41
  C:0133H         LINE#         42
  C:0136H         LINE#         44
  C:0139H         LINE#         45
  C:013AH         LINE#         46
  C:013DH         LINE#         48
  C:013EH         LINE#         49
  C:0140H         LINE#         50
  C:0142H         LINE#         52
  C:0143H         LINE#         53
  C:0145H         LINE#         54
  C:0148H         LINE#         55
  C:014AH         LINE#         56
  C:014BH         LINE#         57
  C:014EH         LINE#         59
  C:014FH         LINE#         60
  C:0151H         LINE#         62
  C:0153H         LINE#         63
  C:0156H         LINE#         64
  C:0158H         LINE#         65
  C:015BH         LINE#         67
  C:015CH         LINE#         69
  C:015EH         LINE#         71
  C:015FH         LINE#         72
  C:0161H         LINE#         73
  C:0162H         LINE#         74
  C:0164H         LINE#         75
  C:0165H         LINE#         76
  -------         ENDMOD        MAIN

*** WARNING L5: CODE SPACE MEMORY OVERLAP
    FROM:    0000H
    TO:      0002H

*** WARNING L1: UNRESOLVED EXTERNAL SYMBOL
    SYMBOL:  ?C_START
    MODULE:  .\Objects\STARTUP.obj (?C_STARTUP)

*** WARNING L2: REFERENCE MADE TO UNRESOLVED EXTERNAL
    SYMBOL:  ?C_START
    MODULE:  .\Objects\STARTUP.obj (?C_STARTUP)
    ADDRESS: 030FH

Program Size: data=9.0 xdata=0 code=788
LINK/LOCATE RUN COMPLETE.  3 WARNING(S),  0 ERROR(S)
